2025-05-22 01:40:02,209 - ERROR - Failed to initialize API: Unexpected error: Session key is expired.
2025-05-22 01:40:02,210 - ERROR - Failed to initialize API. Exiting.
2025-05-22 01:43:11,842 - ERROR - Failed to initialize API: Unexpected error: Session key is expired.
2025-05-22 01:43:11,844 - ERROR - Failed to initialize API. Exiting.
2025-05-22 10:43:31,901 - WARNING - Found 1 invalid stock symbols in NIFTY NEXT 50: DUMMYSIEMS
2025-05-22 10:43:32,812 - WARNING - Buy signal for ADANIENT: False (Insufficient signal strength (score: 2, min: 3))
2025-05-22 10:43:33,438 - WARNING - Buy signal for ADANIPORTS: False (Insufficient signal strength (score: 2.5, min: 3))
2025-05-22 10:43:53,338 - WARNING - Found 1 invalid stock symbols in NIFTY NEXT 50: DUMMYSIEMS
2025-05-22 10:43:54,216 - WARNING - Buy signal for ADANIENT: False (Insufficient signal strength (score: 2, min: 3))
2025-05-22 10:43:54,382 - WARNING - Temporary error for ADANIPORTS (attempt 1/3): 'BreezeConnect' object has no attribute 'error_exception'
2025-05-22 10:43:57,354 - WARNING - Buy signal for ADANIPORTS: False (Insufficient signal strength (score: 2.5, min: 3))
2025-05-22 10:43:58,437 - WARNING - Buy signal for APOLLOHOSP: False (Insufficient signal strength (score: 2.5, min: 3))
2025-05-22 10:44:02,412 - WARNING - Buy signal for ASIANPAINT: False (Insufficient signal strength (score: 0.5, min: 3))
2025-05-22 10:44:05,404 - WARNING - Buy signal for AXISBANK: False (Insufficient signal strength (score: 2.5, min: 3))
2025-05-22 10:44:08,028 - WARNING - Buy signal for BAJAJ-AUTO: True (Multiple buy signals detected: Price above 20-day SMA, Price above 50-day SMA, MACD histogram increasing, Current day is positive)
2025-05-22 10:44:08,952 - WARNING - Buy signal for BAJFINANCE: True (Multiple buy signals detected: Price above 20-day SMA, Price above 50-day SMA, MACD histogram increasing, Current day is positive)
2025-05-22 10:44:09,860 - WARNING - Buy signal for BAJAJFINSV: False (Insufficient signal strength (score: 2.5, min: 3))
2025-05-22 10:44:10,861 - WARNING - Buy signal for BEL: True (Multiple buy signals detected: Price above 20-day SMA, Price above 50-day SMA, MACD histogram increasing, Current day is positive)
2025-05-22 10:44:10,871 - WARNING - Found opportunity: BEL at 384.90, R:R 0.79
2025-05-22 10:44:12,084 - WARNING - Buy signal for BHARTIARTL: False (Insufficient signal strength (score: 1.5, min: 3))
2025-05-22 10:44:12,949 - WARNING - Buy signal for CIPLA: False (Insufficient signal strength (score: 0.5, min: 3))
2025-05-22 10:44:13,597 - WARNING - Buy signal for COALINDIA: False (Insufficient signal strength (score: 2, min: 3))
2025-05-22 10:44:14,786 - WARNING - Buy signal for DRREDDY: False (Insufficient signal strength (score: 2, min: 3))
2025-05-22 10:44:15,692 - WARNING - Buy signal for EICHERMOT: False (Insufficient signal strength (score: 1, min: 3))
2025-05-22 10:44:16,723 - WARNING - Buy signal for ETERNAL: False (Insufficient signal strength (score: 1.5, min: 3))
2025-05-22 10:44:17,649 - WARNING - Buy signal for GRASIM: False (Insufficient signal strength (score: 1, min: 3))
2025-05-22 10:44:18,640 - WARNING - Buy signal for HCLTECH: False (Insufficient signal strength (score: 2.5, min: 3))
2025-05-22 10:44:20,080 - WARNING - Buy signal for HDFCBANK: False (Insufficient signal strength (score: 2, min: 3))
2025-05-22 10:44:20,855 - WARNING - Buy signal for HDFCLIFE: True (Multiple buy signals detected: Price above 20-day SMA, Price above 50-day SMA, MACD histogram increasing, Current day is positive)
2025-05-22 10:44:20,855 - WARNING - Found opportunity: HDFCLIFE at 757.95, R:R 1.27
2025-05-22 10:44:21,589 - WARNING - Buy signal for HEROMOTOCO: False (Insufficient signal strength (score: 2.5, min: 3))
2025-05-22 10:44:21,820 - WARNING - Temporary error for HINDALCO (attempt 1/3): 'BreezeConnect' object has no attribute 'error_exception'
2025-05-22 10:44:23,669 - WARNING - Buy signal for HINDALCO: False (Insufficient signal strength (score: 2, min: 3))
2025-05-22 10:44:24,723 - WARNING - Buy signal for HINDUNILVR: False (Insufficient signal strength (score: 2.5, min: 3))
2025-05-22 10:44:26,305 - WARNING - Buy signal for ICICIBANK: False (Insufficient signal strength (score: 2.5, min: 3))
2025-05-22 10:44:27,199 - WARNING - Buy signal for ITC: False (Insufficient signal strength (score: 2, min: 3))
2025-05-22 10:44:27,848 - WARNING - Buy signal for INDUSINDBK: False (Insufficient signal strength (score: 1, min: 3))
2025-05-22 10:44:28,502 - WARNING - Buy signal for INFY: False (Insufficient signal strength (score: 2.5, min: 3))
2025-05-22 10:44:28,642 - WARNING - Temporary error for JSWSTEEL (attempt 1/3): 'BreezeConnect' object has no attribute 'error_exception'
2025-05-22 10:44:30,329 - WARNING - Buy signal for JSWSTEEL: False (Insufficient signal strength (score: 0, min: 3))
2025-05-22 10:44:31,865 - WARNING - Buy signal for JIOFIN: False (Insufficient signal strength (score: 2.5, min: 3))
2025-05-22 10:44:32,827 - WARNING - Buy signal for KOTAKBANK: False (Insufficient signal strength (score: 0, min: 3))
2025-05-22 10:44:33,525 - WARNING - Buy signal for LT: False (Insufficient signal strength (score: 2.5, min: 3))
2025-05-22 10:44:34,282 - WARNING - Buy signal for M&M: False (Insufficient signal strength (score: 2.5, min: 3))
2025-05-22 10:44:34,431 - WARNING - Temporary error for MARUTI (attempt 1/3): 'BreezeConnect' object has no attribute 'error_exception'
2025-05-22 10:44:36,865 - WARNING - Buy signal for NTPC: False (Insufficient signal strength (score: 0.5, min: 3))
2025-05-22 10:44:37,666 - WARNING - Buy signal for NESTLEIND: False (Insufficient signal strength (score: 2.5, min: 3))
2025-05-22 10:44:38,450 - WARNING - Buy signal for ONGC: True (Multiple buy signals detected: Price above 20-day SMA, Price above 50-day SMA, MACD histogram increasing)
2025-05-22 10:44:38,451 - WARNING - Found opportunity: ONGC at 245.58, R:R 0.94
2025-05-22 10:44:39,125 - WARNING - Buy signal for POWERGRID: False (Insufficient signal strength (score: 1, min: 3))
2025-05-22 10:44:39,880 - WARNING - Buy signal for RELIANCE: False (Insufficient signal strength (score: 2.5, min: 3))
2025-05-22 10:44:40,861 - WARNING - Buy signal for SBILIFE: False (Insufficient signal strength (score: 2.5, min: 3))
2025-05-22 10:44:41,498 - WARNING - Buy signal for SHRIRAMFIN: False (Insufficient signal strength (score: 2, min: 3))
2025-05-22 10:44:41,646 - WARNING - Temporary error for SBIN (attempt 1/3): 'BreezeConnect' object has no attribute 'error_exception'
2025-05-22 10:44:43,315 - WARNING - Buy signal for SBIN: False (Insufficient signal strength (score: 1.5, min: 3))
2025-05-22 10:44:43,549 - WARNING - Temporary error for SUNPHARMA (attempt 1/3): 'BreezeConnect' object has no attribute 'error_exception'
2025-05-22 10:44:45,761 - WARNING - Buy signal for SUNPHARMA: False (Insufficient signal strength (score: 1.5, min: 3))
2025-05-22 10:44:45,945 - WARNING - Temporary error for TCS (attempt 1/3): 'BreezeConnect' object has no attribute 'error_exception'
2025-05-22 10:44:47,718 - WARNING - Buy signal for TCS: False (Insufficient signal strength (score: 2.5, min: 3))
2025-05-22 10:44:47,858 - WARNING - Temporary error for TATACONSUM (attempt 1/3): 'BreezeConnect' object has no attribute 'error_exception'
2025-05-22 10:44:49,725 - WARNING - Buy signal for TATACONSUM: False (Insufficient signal strength (score: 1.5, min: 3))
2025-05-22 10:44:49,819 - WARNING - Temporary error for TATAMOTORS (attempt 1/3): 'BreezeConnect' object has no attribute 'error_exception'
2025-05-22 10:44:51,843 - WARNING - Buy signal for TATAMOTORS: False (Insufficient signal strength (score: 2.5, min: 3))
2025-05-22 10:44:52,711 - WARNING - Buy signal for TATASTEEL: True (Multiple buy signals detected: Price above 20-day SMA, Price above 50-day SMA, MACD histogram increasing, Current day is positive)
2025-05-22 10:44:52,714 - WARNING - Found opportunity: TATASTEEL at 162.87, R:R 1.01
2025-05-22 10:44:53,331 - WARNING - Buy signal for TECHM: False (Insufficient signal strength (score: 2.5, min: 3))
2025-05-22 10:44:54,377 - WARNING - Buy signal for TITAN: False (Insufficient signal strength (score: 2.5, min: 3))
2025-05-22 10:44:54,994 - WARNING - Buy signal for TRENT: False (Insufficient signal strength (score: 2, min: 3))
2025-05-22 10:44:56,534 - WARNING - Buy signal for WIPRO: False (Insufficient signal strength (score: 1.5, min: 3))
2025-05-22 10:44:57,087 - WARNING - Buy signal for ABB: True (Multiple buy signals detected: Price above 20-day SMA, Price above 50-day SMA, MACD histogram increasing, Current day is positive)
2025-05-22 10:44:57,906 - WARNING - Buy signal for ADANIENSOL: False (Insufficient signal strength (score: 1.5, min: 3))
2025-05-22 10:44:58,446 - WARNING - Buy signal for ADANIGREEN: False (Insufficient signal strength (score: 2.5, min: 3))
2025-05-22 10:44:58,634 - WARNING - Temporary error for ADANIPOWER (attempt 1/3): 'BreezeConnect' object has no attribute 'error_exception'
2025-05-22 10:45:00,981 - WARNING - Buy signal for ADANIPOWER: False (Insufficient signal strength (score: 2, min: 3))
2025-05-22 10:45:01,666 - WARNING - Buy signal for AMBUJACEM: True (Multiple buy signals detected: Price above 20-day SMA, Price above 50-day SMA, MACD histogram increasing, Current day is positive)
2025-05-22 10:45:01,666 - WARNING - Found opportunity: AMBUJACEM at 564.65, R:R 1.05
2025-05-22 10:45:02,274 - WARNING - Buy signal for DMART: False (Insufficient signal strength (score: 1.5, min: 3))
2025-05-22 10:45:02,741 - WARNING - Temporary error for BAJAJHFL (attempt 1/3): 'BreezeConnect' object has no attribute 'error_exception'
2025-05-22 10:45:04,740 - WARNING - Buy signal for BAJAJHFL: True (Multiple buy signals detected: Price above 20-day SMA, Price above 50-day SMA, MACD histogram increasing, Current day is positive)
2025-05-22 10:45:04,742 - WARNING - Found opportunity: BAJAJHFL at 124.11, R:R 0.90
2025-05-22 10:45:04,919 - WARNING - Temporary error for BANKBARODA (attempt 1/3): 'BreezeConnect' object has no attribute 'error_exception'
2025-05-22 10:45:06,604 - WARNING - Buy signal for BANKBARODA: True (Multiple buy signals detected: Price above 20-day SMA, Price above 50-day SMA, MACD crossed above signal line, MACD histogram increasing, Current day is positive)
2025-05-22 10:45:06,605 - WARNING - Found opportunity: BANKBARODA at 239.94, R:R 0.75
2025-05-22 10:45:07,373 - WARNING - Buy signal for BPCL: False (Insufficient signal strength (score: 2.5, min: 3))
2025-05-22 10:45:08,100 - WARNING - Buy signal for BRITANNIA: False (Insufficient signal strength (score: 2.5, min: 3))
2025-05-22 10:45:08,183 - WARNING - Temporary error for CGPOWER (attempt 1/3): 'BreezeConnect' object has no attribute 'error_exception'
2025-05-22 10:45:09,951 - WARNING - Buy signal for CGPOWER: False (Insufficient signal strength (score: 2.5, min: 3))
2025-05-22 10:45:10,713 - WARNING - Buy signal for CANBK: False (Insufficient signal strength (score: 2.5, min: 3))
2025-05-22 10:45:11,526 - WARNING - Buy signal for CHOLAFIN: True (Multiple buy signals detected: Price above 20-day SMA, Price above 50-day SMA, MACD histogram increasing, Current day is positive)
2025-05-22 10:45:11,529 - WARNING - Found opportunity: CHOLAFIN at 1642.00, R:R 0.86
2025-05-22 10:45:12,316 - WARNING - Buy signal for DLF: True (Multiple buy signals detected: Price above 20-day SMA, Price above 50-day SMA, MACD histogram increasing, Current day is positive)
2025-05-22 10:45:12,317 - WARNING - Found opportunity: DLF at 775.50, R:R 0.71
2025-05-22 10:45:12,398 - WARNING - Temporary error for DABUR (attempt 1/3): 'BreezeConnect' object has no attribute 'error_exception'
2025-05-22 10:45:14,204 - WARNING - Buy signal for DABUR: False (Insufficient signal strength (score: 2.5, min: 3))
2025-05-22 10:45:14,751 - WARNING - Buy signal for DIVISLAB: True (Multiple buy signals detected: Price above 20-day SMA, Price above 50-day SMA, MACD histogram increasing, Current day is positive)
2025-05-22 10:45:14,915 - WARNING - Temporary error for GAIL (attempt 1/3): 'BreezeConnect' object has no attribute 'error_exception'
2025-05-22 10:45:16,586 - WARNING - Buy signal for GAIL: False (Insufficient signal strength (score: 2, min: 3))
2025-05-22 10:45:17,161 - WARNING - Buy signal for GODREJCP: False (Insufficient signal strength (score: 2.5, min: 3))
2025-05-22 10:45:17,688 - WARNING - Buy signal for HAVELLS: False (Insufficient signal strength (score: 1.5, min: 3))
2025-05-22 10:45:18,252 - WARNING - Buy signal for HAL: False (Insufficient signal strength (score: 2.5, min: 3))
2025-05-22 10:45:19,459 - WARNING - Buy signal for HYUNDAI: True (Multiple buy signals detected: Price above 20-day SMA, Price above 50-day SMA, MACD histogram increasing, Current day is positive)
2025-05-22 10:45:19,459 - WARNING - Found opportunity: HYUNDAI at 1890.00, R:R 0.98
2025-05-22 10:45:20,414 - WARNING - Buy signal for ICICIGI: True (Multiple buy signals detected: Price above 20-day SMA, Price above 50-day SMA, MACD histogram increasing, Current day is positive)
2025-05-22 10:45:20,415 - WARNING - Found opportunity: ICICIGI at 1872.50, R:R 1.00
2025-05-22 10:45:20,640 - WARNING - Temporary error for ICICIPRULI (attempt 1/3): 'BreezeConnect' object has no attribute 'error_exception'
2025-05-22 10:45:22,464 - WARNING - Buy signal for ICICIPRULI: False (Insufficient signal strength (score: 2.5, min: 3))
2025-05-22 10:45:23,066 - WARNING - Buy signal for INDHOTEL: False (Insufficient signal strength (score: 0.5, min: 3))
2025-05-22 10:45:23,798 - WARNING - Buy signal for IOC: False (Insufficient signal strength (score: 2.5, min: 3))
2025-05-22 10:45:24,492 - WARNING - Buy signal for IRFC: False (Insufficient signal strength (score: 2.5, min: 3))
2025-05-22 10:45:25,120 - WARNING - Buy signal for NAUKRI: False (Insufficient signal strength (score: 2.5, min: 3))
2025-05-22 10:45:25,265 - WARNING - Temporary error for INDIGO (attempt 1/3): 'BreezeConnect' object has no attribute 'error_exception'
2025-05-22 10:45:26,895 - WARNING - Buy signal for INDIGO: False (Insufficient signal strength (score: 2.5, min: 3))
2025-05-22 10:45:27,421 - WARNING - Buy signal for JSWENERGY: False (Insufficient signal strength (score: 1.5, min: 3))
2025-05-22 10:45:27,950 - WARNING - Buy signal for JINDALSTEL: False (Insufficient signal strength (score: 2.5, min: 3))
2025-05-22 10:45:28,579 - WARNING - Buy signal for LTIM: False (Insufficient signal strength (score: 2, min: 3))
2025-05-22 10:45:29,074 - WARNING - Buy signal for LICI: False (Insufficient signal strength (score: 2.5, min: 3))
2025-05-22 10:45:29,706 - WARNING - Buy signal for LODHA: True (Multiple buy signals detected: Price above 20-day SMA, Price above 50-day SMA, MACD histogram increasing, Current day is positive)
2025-05-22 10:45:29,707 - WARNING - Found opportunity: LODHA at 1415.40, R:R 0.61
2025-05-22 10:45:29,790 - WARNING - Temporary error for PIDILITIND (attempt 1/3): 'BreezeConnect' object has no attribute 'error_exception'
2025-05-22 10:45:31,451 - WARNING - Buy signal for PIDILITIND: False (Insufficient signal strength (score: 1, min: 3))
2025-05-22 10:45:32,075 - WARNING - Buy signal for PFC: True (Multiple buy signals detected: Price above 20-day SMA, Price above 50-day SMA, MACD histogram increasing, Current day is positive)
2025-05-22 10:45:32,078 - WARNING - Found opportunity: PFC at 407.15, R:R 0.69
2025-05-22 10:45:32,699 - WARNING - Buy signal for PNB: True (Multiple buy signals detected: Price above 20-day SMA, Price above 50-day SMA, MACD histogram increasing, Current day is positive)
2025-05-22 10:45:32,701 - WARNING - Found opportunity: PNB at 100.96, R:R 0.88
2025-05-22 10:45:33,200 - WARNING - Buy signal for RECLTD: False (Insufficient signal strength (score: 0.5, min: 3))
2025-05-22 10:45:33,816 - WARNING - Buy signal for MOTHERSON: False (Insufficient signal strength (score: 2.5, min: 3))
2025-05-22 10:45:33,988 - WARNING - Temporary error for SHREECEM (attempt 1/3): 'BreezeConnect' object has no attribute 'error_exception'
2025-05-22 10:45:36,895 - WARNING - Buy signal for SIEMENS: False (Insufficient signal strength (score: 2.5, min: 3))
2025-05-22 10:45:45,443 - WARNING - Buy signal for SWIGGY: False (Insufficient signal strength (score: 0.5, min: 3))
2025-05-22 10:45:52,534 - WARNING - Buy signal for TVSMOTOR: False (Insufficient signal strength (score: 2.5, min: 3))
2025-05-22 10:45:53,043 - WARNING - Buy signal for TATAPOWER: False (Insufficient signal strength (score: 2.5, min: 3))
2025-05-22 10:45:53,683 - WARNING - Buy signal for TORNTPHARM: False (Insufficient signal strength (score: 2.5, min: 3))
2025-05-22 10:45:54,898 - WARNING - Buy signal for UNITDSPR: False (Insufficient signal strength (score: 2, min: 3))
2025-05-22 10:45:55,559 - WARNING - Buy signal for VBL: False (Insufficient signal strength (score: 0, min: 3))
2025-05-22 10:45:55,702 - WARNING - Temporary error for VEDL (attempt 1/3): 'BreezeConnect' object has no attribute 'error_exception'
2025-05-22 10:45:57,396 - WARNING - Buy signal for VEDL: False (Insufficient signal strength (score: 2.5, min: 3))
2025-05-22 10:45:57,583 - WARNING - Temporary error for ZYDUSLIFE (attempt 1/3): 'BreezeConnect' object has no attribute 'error_exception'
2025-05-22 10:46:02,110 - WARNING - Buy signal for ZYDUSLIFE: False (Insufficient signal strength (score: 2.5, min: 3))
2025-05-22 10:46:02,112 - WARNING - Found 14 opportunities
2025-05-22 10:46:04,025 - WARNING - Entering position for HDFCLIFE at 757.65, stop loss: 727.70, quantity: 6
2025-05-22 10:46:04,375 - WARNING - Buy order placed for HDFCLIFE, order ID: 20250522T800013844
2025-05-22 10:46:04,585 - WARNING - Unknown status code: {'Success': [{'order_id': '20250522T800013844', 'exchange_order_id': None, 'exchange_code': 'NSE', 'stock_code': 'HDFSTA', 'product_type': 'Cash', 'action': 'Buy', 'order_type': 'Market', 'stoploss': '0.00', 'quantity': '6', 'price': '757.65', 'validity': 'Day', 'disclosed_quantity': '0', 'expiry_date': None, 'right': None, 'strike_price': 0.0, 'average_price': '757.7', 'cancelled_quantity': '0', 'pending_quantity': '0', 'status': 'Executed', 'user_remark': '', 'order_datetime': '22-May-2025 10:46', 'parent_order_id': None, 'modification_number': None, 'exchange_acknowledgement_date': None, 'SLTP_price': None, 'exchange_acknowledge_number': None, 'initial_limit': None, 'intial_sltp': None, 'LTP': None, 'limit_offset': None, 'mbc_flag': None, 'cutoff_price': None, 'validity_date': ''}], 'Status': 200, 'Error': None}
2025-05-22 11:14:19,878 - WARNING - Found 1 invalid stock symbols in NIFTY NEXT 50: DUMMYSIEMS
2025-05-22 11:14:20,124 - WARNING - Temporary error for ADANIENT (attempt 1/3): 'BreezeConnect' object has no attribute 'error_exception'
2025-05-22 11:14:21,852 - WARNING - Buy signal for ADANIENT: False (Insufficient signal strength (score: 2, min: 3))
2025-05-22 11:14:22,389 - WARNING - Buy signal for ADANIPORTS: False (Insufficient signal strength (score: 2.5, min: 3))
2025-05-22 11:14:22,954 - WARNING - Buy signal for APOLLOHOSP: False (Insufficient signal strength (score: 2.5, min: 3))
2025-05-22 11:14:23,623 - WARNING - Buy signal for ASIANPAINT: False (Insufficient signal strength (score: 0.5, min: 3))
2025-05-22 11:14:24,250 - WARNING - Buy signal for AXISBANK: False (Insufficient signal strength (score: 2.5, min: 3))
2025-05-22 11:14:24,990 - WARNING - Buy signal for BAJAJ-AUTO: True (Multiple buy signals detected: Price above 20-day SMA, Price above 50-day SMA, MACD histogram increasing, Current day is positive)
2025-05-22 11:14:26,421 - WARNING - Buy signal for BAJFINANCE: True (Multiple buy signals detected: Price above 20-day SMA, Price above 50-day SMA, MACD histogram increasing, Current day is positive)
2025-05-22 11:14:27,002 - WARNING - Buy signal for BAJAJFINSV: False (Insufficient signal strength (score: 2.5, min: 3))
2025-05-22 11:14:27,678 - WARNING - Buy signal for BEL: True (Multiple buy signals detected: Price above 20-day SMA, Price above 50-day SMA, MACD histogram increasing, Current day is positive)
2025-05-22 11:14:27,679 - WARNING - Found opportunity: BEL at 383.80, R:R 0.79
2025-05-22 11:14:28,435 - WARNING - Buy signal for BHARTIARTL: False (Insufficient signal strength (score: 1.5, min: 3))
2025-05-22 11:14:29,005 - WARNING - Buy signal for CIPLA: False (Insufficient signal strength (score: 0.5, min: 3))
2025-05-22 11:14:29,892 - WARNING - Buy signal for COALINDIA: False (Insufficient signal strength (score: 2, min: 3))
2025-05-22 11:14:30,632 - WARNING - Buy signal for DRREDDY: False (Insufficient signal strength (score: 2, min: 3))
2025-05-22 11:14:31,463 - WARNING - Buy signal for EICHERMOT: False (Insufficient signal strength (score: 1, min: 3))
2025-05-22 11:14:31,950 - WARNING - Buy signal for ETERNAL: False (Insufficient signal strength (score: 1.5, min: 3))
2025-05-22 11:14:32,558 - WARNING - Buy signal for GRASIM: False (Insufficient signal strength (score: 1, min: 3))
2025-05-22 11:14:33,435 - WARNING - Buy signal for HCLTECH: False (Insufficient signal strength (score: 2.5, min: 3))
2025-05-22 11:14:34,035 - WARNING - Buy signal for HDFCBANK: False (Insufficient signal strength (score: 2, min: 3))
2025-05-22 11:14:34,798 - WARNING - Buy signal for HEROMOTOCO: False (Insufficient signal strength (score: 2.5, min: 3))
2025-05-22 11:14:36,253 - WARNING - Buy signal for HINDALCO: False (Insufficient signal strength (score: 2, min: 3))
2025-05-22 11:15:00,517 - WARNING - Buy signal for HINDUNILVR: False (Insufficient signal strength (score: 2.5, min: 3))
2025-05-22 11:15:13,276 - WARNING - Buy signal for ICICIBANK: False (Insufficient signal strength (score: 2.5, min: 3))
2025-05-22 11:15:16,658 - WARNING - Buy signal for ITC: False (Insufficient signal strength (score: 2, min: 3))
2025-05-22 11:15:17,847 - WARNING - Buy signal for INDUSINDBK: False (Insufficient signal strength (score: 1, min: 3))
2025-05-22 11:15:19,140 - WARNING - Buy signal for INFY: False (Insufficient signal strength (score: 2.5, min: 3))
2025-05-22 11:15:20,179 - WARNING - Buy signal for JSWSTEEL: False (Insufficient signal strength (score: 0, min: 3))
2025-05-22 11:15:20,374 - WARNING - Temporary error for JIOFIN (attempt 1/3): 'BreezeConnect' object has no attribute 'error_exception'
2025-05-22 11:15:22,523 - WARNING - Buy signal for JIOFIN: False (Insufficient signal strength (score: 2.5, min: 3))
2025-05-22 11:15:23,668 - WARNING - Buy signal for KOTAKBANK: False (Insufficient signal strength (score: 0, min: 3))
2025-05-22 11:15:24,500 - WARNING - Buy signal for LT: False (Insufficient signal strength (score: 2.5, min: 3))
2025-05-22 11:15:24,703 - WARNING - Temporary error for M&M (attempt 1/3): 'BreezeConnect' object has no attribute 'error_exception'
2025-05-22 11:15:26,730 - WARNING - Buy signal for M&M: False (Insufficient signal strength (score: 2.5, min: 3))
2025-05-22 11:15:28,127 - WARNING - Buy signal for NTPC: False (Insufficient signal strength (score: 0.5, min: 3))
2025-05-22 11:15:28,780 - WARNING - Buy signal for NESTLEIND: False (Insufficient signal strength (score: 2.5, min: 3))
2025-05-22 11:15:29,367 - WARNING - Buy signal for ONGC: True (Multiple buy signals detected: Price above 20-day SMA, Price above 50-day SMA, MACD histogram increasing)
2025-05-22 11:15:29,368 - WARNING - Found opportunity: ONGC at 245.70, R:R 0.94
2025-05-22 11:15:30,010 - WARNING - Buy signal for POWERGRID: False (Insufficient signal strength (score: 1, min: 3))
2025-05-22 11:15:30,847 - WARNING - Buy signal for RELIANCE: False (Insufficient signal strength (score: 2.5, min: 3))
2025-05-22 11:15:32,027 - WARNING - Buy signal for SBILIFE: False (Insufficient signal strength (score: 2.5, min: 3))
2025-05-22 11:15:33,401 - WARNING - Buy signal for SHRIRAMFIN: False (Insufficient signal strength (score: 2, min: 3))
2025-05-22 11:15:34,154 - WARNING - Buy signal for SBIN: False (Insufficient signal strength (score: 1.5, min: 3))
2025-05-22 11:15:35,276 - WARNING - Buy signal for SUNPHARMA: False (Insufficient signal strength (score: 1.5, min: 3))
2025-05-22 11:15:37,247 - WARNING - Buy signal for TCS: False (Insufficient signal strength (score: 2.5, min: 3))
2025-05-22 11:15:38,755 - WARNING - Buy signal for TATACONSUM: False (Insufficient signal strength (score: 1.5, min: 3))
2025-05-22 11:15:39,733 - WARNING - Buy signal for TATAMOTORS: False (Insufficient signal strength (score: 2.5, min: 3))
2025-05-22 11:15:40,693 - WARNING - Buy signal for TATASTEEL: True (Multiple buy signals detected: Price above 20-day SMA, Price above 50-day SMA, MACD histogram increasing, Current day is positive)
2025-05-22 11:15:40,693 - WARNING - Found opportunity: TATASTEEL at 162.93, R:R 1.02
2025-05-22 11:15:41,377 - WARNING - Buy signal for TECHM: False (Insufficient signal strength (score: 2.5, min: 3))
2025-05-22 11:15:42,241 - WARNING - Buy signal for TITAN: False (Insufficient signal strength (score: 2.5, min: 3))
2025-05-22 11:15:42,825 - WARNING - Buy signal for TRENT: False (Insufficient signal strength (score: 2, min: 3))
2025-05-22 11:15:44,720 - WARNING - Buy signal for WIPRO: False (Insufficient signal strength (score: 1.5, min: 3))
2025-05-22 11:15:45,580 - WARNING - Buy signal for ABB: True (Multiple buy signals detected: Price above 20-day SMA, Price above 50-day SMA, MACD histogram increasing, Current day is positive)
2025-05-22 11:15:46,515 - WARNING - Buy signal for ADANIENSOL: False (Insufficient signal strength (score: 1.5, min: 3))
2025-05-22 11:15:47,264 - WARNING - Buy signal for ADANIGREEN: False (Insufficient signal strength (score: 2.5, min: 3))
2025-05-22 11:15:48,644 - WARNING - Buy signal for ADANIPOWER: False (Insufficient signal strength (score: 2, min: 3))
2025-05-22 11:15:48,782 - WARNING - Temporary error for AMBUJACEM (attempt 1/3): 'BreezeConnect' object has no attribute 'error_exception'
2025-05-22 11:15:50,653 - WARNING - Buy signal for AMBUJACEM: True (Multiple buy signals detected: Price above 20-day SMA, Price above 50-day SMA, MACD histogram increasing, Current day is positive)
2025-05-22 11:15:50,654 - WARNING - Found opportunity: AMBUJACEM at 565.00, R:R 1.05
2025-05-22 11:15:51,573 - WARNING - Buy signal for DMART: False (Insufficient signal strength (score: 1.5, min: 3))
2025-05-22 11:15:52,238 - WARNING - Buy signal for BAJAJHFL: True (Multiple buy signals detected: Price above 20-day SMA, Price above 50-day SMA, MACD histogram increasing, Current day is positive)
2025-05-22 11:15:52,239 - WARNING - Found opportunity: BAJAJHFL at 124.07, R:R 0.89
2025-05-22 11:15:52,425 - WARNING - Temporary error for BANKBARODA (attempt 1/3): 'BreezeConnect' object has no attribute 'error_exception'
2025-05-22 11:15:54,569 - WARNING - Buy signal for BANKBARODA: True (Multiple buy signals detected: Price above 20-day SMA, Price above 50-day SMA, MACD crossed above signal line, MACD histogram increasing, Current day is positive)
2025-05-22 11:15:54,569 - WARNING - Found opportunity: BANKBARODA at 239.20, R:R 0.75
2025-05-22 11:15:55,141 - WARNING - Buy signal for BPCL: False (Insufficient signal strength (score: 2.5, min: 3))
2025-05-22 11:15:55,434 - WARNING - Temporary error for BRITANNIA (attempt 1/3): 'BreezeConnect' object has no attribute 'error_exception'
2025-05-22 11:15:57,603 - WARNING - Buy signal for BRITANNIA: False (Insufficient signal strength (score: 2.5, min: 3))
2025-05-22 11:15:58,211 - WARNING - Buy signal for CGPOWER: False (Insufficient signal strength (score: 2.5, min: 3))
2025-05-22 11:15:59,020 - WARNING - Buy signal for CANBK: False (Insufficient signal strength (score: 2.5, min: 3))
2025-05-22 11:15:59,772 - WARNING - Buy signal for CHOLAFIN: True (Multiple buy signals detected: Price above 20-day SMA, Price above 50-day SMA, MACD histogram increasing, Current day is positive)
2025-05-22 11:15:59,772 - WARNING - Found opportunity: CHOLAFIN at 1645.80, R:R 0.86
2025-05-22 11:16:03,640 - WARNING - Buy signal for DLF: True (Multiple buy signals detected: Price above 20-day SMA, Price above 50-day SMA, MACD histogram increasing, Current day is positive)
2025-05-22 11:16:03,640 - WARNING - Found opportunity: DLF at 771.85, R:R 0.71
2025-05-22 11:16:04,380 - WARNING - Buy signal for DABUR: False (Insufficient signal strength (score: 2.5, min: 3))
2025-05-22 11:16:04,890 - WARNING - Buy signal for DIVISLAB: True (Multiple buy signals detected: Price above 20-day SMA, Price above 50-day SMA, MACD histogram increasing, Current day is positive)
2025-05-22 11:16:05,598 - WARNING - Buy signal for GAIL: False (Insufficient signal strength (score: 2, min: 3))
2025-05-22 11:16:24,793 - WARNING - Temporary error for GODREJCP (attempt 1/3): 'BreezeConnect' object has no attribute 'error_exception'
2025-05-22 11:16:26,800 - WARNING - Buy signal for GODREJCP: False (Insufficient signal strength (score: 2.5, min: 3))
2025-05-22 11:16:27,474 - WARNING - Buy signal for HAVELLS: False (Insufficient signal strength (score: 1.5, min: 3))
2025-05-22 11:16:28,149 - WARNING - Buy signal for HAL: False (Insufficient signal strength (score: 2.5, min: 3))
2025-05-22 11:16:28,750 - WARNING - Buy signal for HYUNDAI: True (Multiple buy signals detected: Price above 20-day SMA, Price above 50-day SMA, MACD histogram increasing, Current day is positive)
2025-05-22 11:16:28,752 - WARNING - Found opportunity: HYUNDAI at 1885.40, R:R 0.98
2025-05-22 11:16:30,270 - WARNING - Buy signal for ICICIGI: True (Multiple buy signals detected: Price above 20-day SMA, Price above 50-day SMA, MACD histogram increasing, Current day is positive)
2025-05-22 11:16:30,271 - WARNING - Found opportunity: ICICIGI at 1868.50, R:R 1.00
2025-05-22 11:16:30,935 - WARNING - Buy signal for ICICIPRULI: False (Insufficient signal strength (score: 2.5, min: 3))
2025-05-22 11:16:31,649 - WARNING - Buy signal for INDHOTEL: False (Insufficient signal strength (score: 0.5, min: 3))
2025-05-22 11:16:32,659 - WARNING - Buy signal for IOC: False (Insufficient signal strength (score: 2.5, min: 3))
2025-05-22 11:16:33,582 - WARNING - Buy signal for IRFC: False (Insufficient signal strength (score: 2.5, min: 3))
2025-05-22 11:16:34,092 - WARNING - Buy signal for NAUKRI: False (Insufficient signal strength (score: 2.5, min: 3))
2025-05-22 11:16:34,693 - WARNING - Buy signal for INDIGO: False (Insufficient signal strength (score: 2.5, min: 3))
2025-05-22 11:16:34,857 - WARNING - Temporary error for JSWENERGY (attempt 1/3): 'BreezeConnect' object has no attribute 'error_exception'
2025-05-22 11:16:36,579 - WARNING - Buy signal for JSWENERGY: False (Insufficient signal strength (score: 1.5, min: 3))
2025-05-22 11:16:37,156 - WARNING - Buy signal for JINDALSTEL: False (Insufficient signal strength (score: 2.5, min: 3))
2025-05-22 11:16:37,781 - WARNING - Buy signal for LTIM: False (Insufficient signal strength (score: 2, min: 3))
2025-05-22 11:16:38,339 - WARNING - Buy signal for LICI: False (Insufficient signal strength (score: 2.5, min: 3))
2025-05-22 11:16:39,149 - WARNING - Buy signal for LODHA: True (Multiple buy signals detected: Price above 20-day SMA, Price above 50-day SMA, MACD histogram increasing, Current day is positive)
2025-05-22 11:16:39,149 - WARNING - Found opportunity: LODHA at 1408.80, R:R 0.61
2025-05-22 11:16:39,568 - WARNING - Buy signal for PIDILITIND: False (Insufficient signal strength (score: 1, min: 3))
2025-05-22 11:16:40,146 - WARNING - Buy signal for PFC: True (Multiple buy signals detected: Price above 20-day SMA, Price above 50-day SMA, MACD histogram increasing, Current day is positive)
2025-05-22 11:16:40,146 - WARNING - Found opportunity: PFC at 405.70, R:R 0.69
2025-05-22 11:16:40,721 - WARNING - Buy signal for PNB: True (Multiple buy signals detected: Price above 20-day SMA, Price above 50-day SMA, MACD histogram increasing, Current day is positive)
2025-05-22 11:16:40,722 - WARNING - Found opportunity: PNB at 100.73, R:R 0.88
2025-05-22 11:16:41,564 - WARNING - Buy signal for RECLTD: False (Insufficient signal strength (score: 0.5, min: 3))
2025-05-22 11:16:41,667 - WARNING - Temporary error for MOTHERSON (attempt 1/3): 'BreezeConnect' object has no attribute 'error_exception'
2025-05-22 11:16:43,439 - WARNING - Buy signal for MOTHERSON: False (Insufficient signal strength (score: 2.5, min: 3))
2025-05-22 11:16:44,519 - WARNING - Temporary error for SIEMENS (attempt 1/3): 'BreezeConnect' object has no attribute 'error_exception'
2025-05-22 11:16:46,164 - WARNING - Buy signal for SIEMENS: False (Insufficient signal strength (score: 2.5, min: 3))
2025-05-22 11:16:46,803 - WARNING - Buy signal for SWIGGY: False (Insufficient signal strength (score: 0.5, min: 3))
2025-05-22 11:16:47,433 - WARNING - Buy signal for TVSMOTOR: False (Insufficient signal strength (score: 2.5, min: 3))
2025-05-22 11:16:48,059 - WARNING - Buy signal for TATAPOWER: False (Insufficient signal strength (score: 2.5, min: 3))
2025-05-22 11:16:48,870 - WARNING - Buy signal for TORNTPHARM: False (Insufficient signal strength (score: 2.5, min: 3))
2025-05-22 11:16:49,476 - WARNING - Buy signal for UNITDSPR: False (Insufficient signal strength (score: 2, min: 3))
2025-05-22 11:16:49,630 - WARNING - Temporary error for VBL (attempt 1/3): 'BreezeConnect' object has no attribute 'error_exception'
2025-05-22 11:16:51,239 - WARNING - Buy signal for VBL: False (Insufficient signal strength (score: 0, min: 3))
2025-05-22 11:16:51,948 - WARNING - Buy signal for VEDL: False (Insufficient signal strength (score: 2.5, min: 3))
2025-05-22 11:16:52,977 - WARNING - Buy signal for ZYDUSLIFE: False (Insufficient signal strength (score: 2.5, min: 3))
2025-05-22 11:16:52,977 - WARNING - Found 13 opportunities
2025-05-22 11:16:53,817 - WARNING - Entering position for AMBUJACEM at 565.00, stop loss: 538.10, quantity: 7
2025-05-22 11:16:54,461 - WARNING - Buy order placed for AMBUJACEM, order ID: 20250522T800016720
2025-05-22 11:16:54,676 - WARNING - Unknown status code: {'Success': [{'order_id': '20250522T800016720', 'exchange_order_id': None, 'exchange_code': 'NSE', 'stock_code': 'AMBCE', 'product_type': 'Cash', 'action': 'Buy', 'order_type': 'Market', 'stoploss': '0.00', 'quantity': '7', 'price': '565.00', 'validity': 'Day', 'disclosed_quantity': '0', 'expiry_date': None, 'right': None, 'strike_price': 0.0, 'average_price': '565.15', 'cancelled_quantity': '0', 'pending_quantity': '0', 'status': 'Executed', 'user_remark': '', 'order_datetime': '22-May-2025 11:16', 'parent_order_id': None, 'modification_number': None, 'exchange_acknowledgement_date': None, 'SLTP_price': None, 'exchange_acknowledge_number': None, 'initial_limit': None, 'intial_sltp': None, 'LTP': None, 'limit_offset': None, 'mbc_flag': None, 'cutoff_price': None, 'validity_date': ''}], 'Status': 200, 'Error': None}
2025-05-22 11:44:51,073 - WARNING - Already at maximum positions (2/2)
2025-05-22 12:56:17,297 - WARNING - Exited 0 positions
2025-05-22 12:56:17,298 - WARNING - Updated trailing stops for 0 positions
2025-05-22 12:56:17,322 - WARNING - Found 1 invalid stock symbols in NIFTY NEXT 50: DUMMYSIEMS
2025-05-22 12:56:18,443 - WARNING - Buy signal for ADANIENT: False (Insufficient signal strength (score: 2, min: 3))
2025-05-22 12:56:21,036 - WARNING - Buy signal for ADANIPORTS: False (Insufficient signal strength (score: 2.5, min: 3))
2025-05-22 12:56:22,289 - WARNING - Buy signal for APOLLOHOSP: False (Insufficient signal strength (score: 2.5, min: 3))
2025-05-22 12:56:23,438 - WARNING - Buy signal for ASIANPAINT: False (Insufficient signal strength (score: 0.5, min: 3))
2025-05-22 12:56:24,680 - WARNING - Buy signal for AXISBANK: False (Insufficient signal strength (score: 2.5, min: 3))
2025-05-22 12:56:27,455 - WARNING - Buy signal for BAJAJ-AUTO: True (Multiple buy signals detected: Price above 20-day SMA, Price above 50-day SMA, MACD histogram increasing, Current day is positive)
2025-05-22 12:56:28,678 - WARNING - Buy signal for BAJFINANCE: True (Multiple buy signals detected: Price above 20-day SMA, Price above 50-day SMA, MACD histogram increasing, Current day is positive)
2025-05-22 12:56:29,796 - WARNING - Buy signal for BAJAJFINSV: False (Insufficient signal strength (score: 2.5, min: 3))
2025-05-22 12:56:31,015 - WARNING - Buy signal for BEL: True (Multiple buy signals detected: Price above 20-day SMA, Price above 50-day SMA, MACD histogram increasing, Current day is positive)
2025-05-22 12:56:31,063 - WARNING - Found opportunity: BEL at 382.00, R:R 0.79
2025-05-22 12:56:32,243 - WARNING - Buy signal for BHARTIARTL: False (Insufficient signal strength (score: 1.5, min: 3))
2025-05-22 12:56:33,258 - WARNING - Buy signal for CIPLA: False (Insufficient signal strength (score: 0.5, min: 3))
2025-05-22 12:56:34,299 - WARNING - Buy signal for COALINDIA: False (Insufficient signal strength (score: 2, min: 3))
2025-05-22 12:56:35,593 - WARNING - Buy signal for DRREDDY: False (Insufficient signal strength (score: 2, min: 3))
2025-05-22 12:56:36,710 - WARNING - Buy signal for EICHERMOT: False (Insufficient signal strength (score: 1, min: 3))
2025-05-22 12:56:38,092 - WARNING - Buy signal for ETERNAL: False (Insufficient signal strength (score: 1.5, min: 3))
2025-05-22 12:56:39,409 - WARNING - Buy signal for GRASIM: False (Insufficient signal strength (score: 1, min: 3))
2025-05-22 12:56:40,570 - WARNING - Buy signal for HCLTECH: False (Insufficient signal strength (score: 2.5, min: 3))
2025-05-22 12:56:42,614 - WARNING - Buy signal for HDFCBANK: False (Insufficient signal strength (score: 2, min: 3))
2025-05-22 12:56:44,140 - WARNING - Buy signal for HDFCLIFE: True (Multiple buy signals detected: Price above 20-day SMA, Price above 50-day SMA, MACD histogram increasing, Current day is positive)
2025-05-22 12:56:44,142 - WARNING - Found opportunity: HDFCLIFE at 755.50, R:R 1.26
2025-05-22 12:56:46,388 - WARNING - Buy signal for HEROMOTOCO: False (Insufficient signal strength (score: 2.5, min: 3))
2025-05-22 12:56:47,631 - WARNING - Buy signal for HINDALCO: False (Insufficient signal strength (score: 2, min: 3))
2025-05-22 12:56:49,747 - WARNING - Buy signal for HINDUNILVR: False (Insufficient signal strength (score: 2.5, min: 3))
2025-05-22 12:56:51,093 - WARNING - Buy signal for ICICIBANK: False (Insufficient signal strength (score: 2.5, min: 3))
2025-05-22 12:56:52,197 - WARNING - Buy signal for ITC: False (Insufficient signal strength (score: 2, min: 3))
2025-05-22 12:56:53,301 - WARNING - Buy signal for INDUSINDBK: False (Insufficient signal strength (score: 1, min: 3))
2025-05-22 12:56:54,474 - WARNING - Buy signal for INFY: False (Insufficient signal strength (score: 2.5, min: 3))
2025-05-22 12:56:56,758 - WARNING - Buy signal for JSWSTEEL: False (Insufficient signal strength (score: 0, min: 3))
2025-05-22 12:56:57,897 - WARNING - Buy signal for JIOFIN: False (Insufficient signal strength (score: 2.5, min: 3))
2025-05-22 12:57:00,158 - WARNING - Buy signal for KOTAKBANK: False (Insufficient signal strength (score: 0, min: 3))
2025-05-22 12:57:01,328 - WARNING - Buy signal for LT: False (Insufficient signal strength (score: 2.5, min: 3))
2025-05-22 12:57:02,469 - WARNING - Buy signal for M&M: False (Insufficient signal strength (score: 2.5, min: 3))
2025-05-22 12:57:04,080 - WARNING - Buy signal for NTPC: False (Insufficient signal strength (score: 0.5, min: 3))
2025-05-22 12:57:05,357 - WARNING - Buy signal for NESTLEIND: False (Insufficient signal strength (score: 2.5, min: 3))
2025-05-22 12:57:06,656 - WARNING - Buy signal for ONGC: True (Multiple buy signals detected: Price above 20-day SMA, Price above 50-day SMA, MACD histogram increasing)
2025-05-22 12:57:06,658 - WARNING - Found opportunity: ONGC at 244.59, R:R 0.94
2025-05-22 12:57:10,281 - WARNING - Buy signal for POWERGRID: False (Insufficient signal strength (score: 1, min: 3))
2025-05-22 12:57:11,487 - WARNING - Buy signal for RELIANCE: False (Insufficient signal strength (score: 2.5, min: 3))
2025-05-22 12:57:12,645 - WARNING - Buy signal for SBILIFE: False (Insufficient signal strength (score: 2.5, min: 3))
2025-05-22 12:57:13,769 - WARNING - Buy signal for SHRIRAMFIN: False (Insufficient signal strength (score: 2, min: 3))
2025-05-22 12:57:14,813 - WARNING - Buy signal for SBIN: False (Insufficient signal strength (score: 1.5, min: 3))
2025-05-22 12:57:16,218 - WARNING - Buy signal for SUNPHARMA: False (Insufficient signal strength (score: 1.5, min: 3))
2025-05-22 12:57:17,298 - WARNING - Buy signal for TCS: False (Insufficient signal strength (score: 2.5, min: 3))
2025-05-22 12:57:18,539 - WARNING - Buy signal for TATACONSUM: False (Insufficient signal strength (score: 1.5, min: 3))
2025-05-22 12:57:19,579 - WARNING - Buy signal for TATAMOTORS: False (Insufficient signal strength (score: 2.5, min: 3))
2025-05-22 12:57:22,445 - WARNING - Buy signal for TATASTEEL: True (Multiple buy signals detected: Price above 20-day SMA, Price above 50-day SMA, MACD histogram increasing, Current day is positive)
2025-05-22 12:57:22,446 - WARNING - Found opportunity: TATASTEEL at 161.74, R:R 1.01
2025-05-22 12:57:23,792 - WARNING - Buy signal for TECHM: False (Insufficient signal strength (score: 2.5, min: 3))
2025-05-22 12:57:24,948 - WARNING - Buy signal for TITAN: False (Insufficient signal strength (score: 2.5, min: 3))
2025-05-22 12:57:26,170 - WARNING - Buy signal for TRENT: False (Insufficient signal strength (score: 2, min: 3))
2025-05-22 12:57:29,386 - WARNING - Buy signal for WIPRO: False (Insufficient signal strength (score: 1.5, min: 3))
2025-05-22 12:57:30,401 - WARNING - Buy signal for ABB: True (Multiple buy signals detected: Price above 20-day SMA, Price above 50-day SMA, MACD histogram increasing, Current day is positive)
2025-05-22 12:57:31,588 - WARNING - Buy signal for ADANIENSOL: False (Insufficient signal strength (score: 1.5, min: 3))
2025-05-22 12:57:32,823 - WARNING - Buy signal for ADANIGREEN: False (Insufficient signal strength (score: 2.5, min: 3))
2025-05-22 12:57:34,234 - WARNING - Buy signal for ADANIPOWER: False (Insufficient signal strength (score: 2, min: 3))
2025-05-22 12:57:35,329 - WARNING - Buy signal for AMBUJACEM: True (Multiple buy signals detected: Price above 20-day SMA, Price above 50-day SMA, MACD histogram increasing, Current day is positive)
2025-05-22 12:57:35,330 - WARNING - Found opportunity: AMBUJACEM at 563.75, R:R 1.05
2025-05-22 12:57:36,629 - WARNING - Buy signal for DMART: False (Insufficient signal strength (score: 1.5, min: 3))
2025-05-22 12:57:38,566 - WARNING - Buy signal for BAJAJHFL: True (Multiple buy signals detected: Price above 20-day SMA, Price above 50-day SMA, MACD histogram increasing, Current day is positive)
2025-05-22 12:57:38,567 - WARNING - Found opportunity: BAJAJHFL at 123.67, R:R 0.89
2025-05-22 12:57:39,880 - WARNING - Buy signal for BANKBARODA: True (Multiple buy signals detected: Price above 20-day SMA, Price above 50-day SMA, MACD crossed above signal line, MACD histogram increasing, Current day is positive)
2025-05-22 12:57:39,881 - WARNING - Found opportunity: BANKBARODA at 240.07, R:R 0.75
2025-05-22 12:57:41,101 - WARNING - Buy signal for BPCL: False (Insufficient signal strength (score: 2.5, min: 3))
2025-05-22 12:57:43,019 - WARNING - Buy signal for BRITANNIA: False (Insufficient signal strength (score: 2.5, min: 3))
2025-05-22 12:57:44,214 - WARNING - Buy signal for CGPOWER: False (Insufficient signal strength (score: 2.5, min: 3))
2025-05-22 12:57:45,238 - WARNING - Buy signal for CANBK: False (Insufficient signal strength (score: 2.5, min: 3))
2025-05-22 12:57:46,414 - WARNING - Buy signal for CHOLAFIN: True (Multiple buy signals detected: Price above 20-day SMA, Price above 50-day SMA, MACD histogram increasing, Current day is positive)
2025-05-22 12:57:46,415 - WARNING - Found opportunity: CHOLAFIN at 1629.80, R:R 0.85
2025-05-22 12:57:49,287 - WARNING - Buy signal for DLF: True (Multiple buy signals detected: Price above 20-day SMA, Price above 50-day SMA, MACD histogram increasing, Current day is positive)
2025-05-22 12:57:49,288 - WARNING - Found opportunity: DLF at 771.85, R:R 0.71
2025-05-22 12:57:50,515 - WARNING - Buy signal for DABUR: False (Insufficient signal strength (score: 2.5, min: 3))
2025-05-22 12:57:53,180 - WARNING - Buy signal for DIVISLAB: True (Multiple buy signals detected: Price above 20-day SMA, Price above 50-day SMA, MACD histogram increasing, Current day is positive)
2025-05-22 12:57:54,354 - WARNING - Buy signal for GAIL: False (Insufficient signal strength (score: 2, min: 3))
2025-05-22 12:57:55,610 - WARNING - Buy signal for GODREJCP: False (Insufficient signal strength (score: 2.5, min: 3))
2025-05-22 12:57:57,074 - WARNING - Buy signal for HAVELLS: False (Insufficient signal strength (score: 1.5, min: 3))
2025-05-22 12:57:58,254 - WARNING - Buy signal for HAL: False (Insufficient signal strength (score: 2.5, min: 3))
2025-05-22 12:57:59,665 - WARNING - Buy signal for HYUNDAI: True (Multiple buy signals detected: Price above 20-day SMA, Price above 50-day SMA, MACD histogram increasing, Current day is positive)
2025-05-22 12:57:59,669 - WARNING - Found opportunity: HYUNDAI at 1860.10, R:R 0.96
2025-05-22 12:58:00,687 - WARNING - Buy signal for ICICIGI: True (Multiple buy signals detected: Price above 20-day SMA, Price above 50-day SMA, MACD histogram increasing, Current day is positive)
2025-05-22 12:58:00,689 - WARNING - Found opportunity: ICICIGI at 1862.90, R:R 1.00
2025-05-22 12:58:01,968 - WARNING - Buy signal for ICICIPRULI: False (Insufficient signal strength (score: 2.5, min: 3))
2025-05-22 12:58:03,036 - WARNING - Buy signal for INDHOTEL: False (Insufficient signal strength (score: 0.5, min: 3))
2025-05-22 12:58:04,230 - WARNING - Buy signal for IOC: False (Insufficient signal strength (score: 2.5, min: 3))
2025-05-22 12:58:05,461 - WARNING - Buy signal for IRFC: False (Insufficient signal strength (score: 2.5, min: 3))
2025-05-22 12:58:08,246 - WARNING - Buy signal for NAUKRI: False (Insufficient signal strength (score: 2.5, min: 3))
2025-05-22 12:58:09,504 - WARNING - Buy signal for INDIGO: False (Insufficient signal strength (score: 2.5, min: 3))
2025-05-22 12:58:10,639 - WARNING - Buy signal for JSWENERGY: False (Insufficient signal strength (score: 1.5, min: 3))
2025-05-22 12:58:11,685 - WARNING - Buy signal for JINDALSTEL: False (Insufficient signal strength (score: 2.5, min: 3))
2025-05-22 12:58:15,049 - WARNING - Buy signal for LTIM: False (Insufficient signal strength (score: 2, min: 3))
2025-05-22 12:58:16,675 - WARNING - Buy signal for LICI: False (Insufficient signal strength (score: 2.5, min: 3))
2025-05-22 12:58:17,831 - WARNING - Buy signal for LODHA: True (Multiple buy signals detected: Price above 20-day SMA, Price above 50-day SMA, MACD histogram increasing, Current day is positive)
2025-05-22 12:58:17,831 - WARNING - Found opportunity: LODHA at 1398.10, R:R 0.60
2025-05-22 12:58:18,953 - WARNING - Buy signal for PIDILITIND: False (Insufficient signal strength (score: 1, min: 3))
2025-05-22 12:58:20,100 - WARNING - Buy signal for PFC: True (Multiple buy signals detected: Price above 20-day SMA, Price above 50-day SMA, MACD histogram increasing, Current day is positive)
2025-05-22 12:58:20,101 - WARNING - Found opportunity: PFC at 404.35, R:R 0.69
2025-05-22 12:58:21,187 - WARNING - Buy signal for PNB: True (Multiple buy signals detected: Price above 20-day SMA, Price above 50-day SMA, MACD histogram increasing, Current day is positive)
2025-05-22 12:58:21,188 - WARNING - Found opportunity: PNB at 100.30, R:R 0.87
2025-05-22 12:58:22,833 - WARNING - Buy signal for RECLTD: False (Insufficient signal strength (score: 0.5, min: 3))
2025-05-22 12:58:23,804 - WARNING - Buy signal for MOTHERSON: False (Insufficient signal strength (score: 2.5, min: 3))
2025-05-22 12:58:25,543 - WARNING - Buy signal for SIEMENS: False (Insufficient signal strength (score: 2.5, min: 3))
2025-05-22 12:58:26,626 - WARNING - Buy signal for SWIGGY: False (Insufficient signal strength (score: 0.5, min: 3))
2025-05-22 12:58:27,785 - WARNING - Buy signal for TVSMOTOR: False (Insufficient signal strength (score: 2.5, min: 3))
2025-05-22 12:58:28,762 - WARNING - Buy signal for TATAPOWER: False (Insufficient signal strength (score: 2.5, min: 3))
2025-05-22 12:58:29,916 - WARNING - Buy signal for TORNTPHARM: False (Insufficient signal strength (score: 2.5, min: 3))
2025-05-22 12:58:31,124 - WARNING - Buy signal for UNITDSPR: False (Insufficient signal strength (score: 2, min: 3))
2025-05-22 12:58:32,290 - WARNING - Buy signal for VBL: False (Insufficient signal strength (score: 0, min: 3))
2025-05-22 12:58:33,465 - WARNING - Buy signal for VEDL: False (Insufficient signal strength (score: 2.5, min: 3))
2025-05-22 12:58:34,587 - WARNING - Buy signal for ZYDUSLIFE: False (Insufficient signal strength (score: 2.5, min: 3))
2025-05-22 12:58:34,588 - WARNING - Found 14 opportunities
2025-05-22 12:58:35,765 - WARNING - Entering position for HDFCLIFE at 755.50, stop loss: 725.60, quantity: 6
2025-05-22 12:58:36,284 - WARNING - Buy order placed for HDFCLIFE, order ID: 20250522T800025015
2025-05-22 12:58:36,687 - ERROR - Error checking order status: name 'entry_price' is not defined
2025-05-22 12:58:39,340 - ERROR - Error checking order status: name 'entry_price' is not defined
2025-05-22 12:58:42,058 - ERROR - Error checking order status: name 'entry_price' is not defined
2025-05-22 12:58:44,706 - ERROR - Error checking order status: name 'entry_price' is not defined
2025-05-22 12:58:47,606 - ERROR - Error checking order status: name 'entry_price' is not defined
2025-05-22 12:58:50,234 - ERROR - Error checking order status: name 'entry_price' is not defined
2025-05-22 12:58:52,868 - ERROR - Error checking order status: name 'entry_price' is not defined
2025-05-22 12:58:55,443 - ERROR - Error checking order status: name 'entry_price' is not defined
2025-05-22 12:58:58,033 - ERROR - Error checking order status: name 'entry_price' is not defined
2025-05-22 12:59:00,717 - ERROR - Error checking order status: name 'entry_price' is not defined
2025-05-22 12:59:03,393 - ERROR - Error checking order status: name 'entry_price' is not defined
2025-05-22 12:59:06,008 - ERROR - Error checking order status: name 'entry_price' is not defined
2025-05-22 12:59:08,641 - ERROR - Error checking order status: name 'entry_price' is not defined
2025-05-22 12:59:11,224 - ERROR - Error checking order status: name 'entry_price' is not defined
2025-05-22 12:59:13,864 - ERROR - Error checking order status: name 'entry_price' is not defined
2025-05-22 12:59:16,518 - ERROR - Error checking order status: name 'entry_price' is not defined
2025-05-22 12:59:19,216 - ERROR - Error checking order status: name 'entry_price' is not defined
2025-05-22 12:59:21,768 - ERROR - Error checking order status: name 'entry_price' is not defined
2025-05-22 12:59:24,491 - ERROR - Error checking order status: name 'entry_price' is not defined
2025-05-22 12:59:27,192 - ERROR - Error checking order status: name 'entry_price' is not defined
2025-05-22 12:59:29,833 - ERROR - Error checking order status: name 'entry_price' is not defined
2025-05-22 12:59:33,043 - ERROR - Error checking order status: name 'entry_price' is not defined
2025-05-22 12:59:35,825 - ERROR - Error checking order status: name 'entry_price' is not defined
2025-05-22 12:59:38,421 - ERROR - Error checking order status: name 'entry_price' is not defined
2025-05-22 12:59:41,050 - ERROR - Error checking order status: name 'entry_price' is not defined
2025-05-22 12:59:43,650 - ERROR - Error checking order status: name 'entry_price' is not defined
2025-05-22 12:59:46,293 - ERROR - Error checking order status: name 'entry_price' is not defined
2025-05-22 12:59:48,967 - ERROR - Error checking order status: name 'entry_price' is not defined
2025-05-22 12:59:51,774 - ERROR - Error checking order status: name 'entry_price' is not defined
2025-05-22 12:59:55,376 - ERROR - Error checking order status: name 'entry_price' is not defined
2025-05-22 12:59:57,578 - ERROR - Exception in enter_position for HDFCLIFE: name 'entry_time' is not defined
2025-05-22 12:59:57,590 - WARNING - Run Strategy completed: Positions and trades saved
2025-05-22 13:42:08,309 - WARNING - Exited 0 positions
2025-05-22 13:42:09,805 - WARNING - Updated trailing stops for 0 positions
2025-05-22 13:42:09,836 - WARNING - Found 1 invalid stock symbols in NIFTY NEXT 50: DUMMYSIEMS
2025-05-22 13:42:10,993 - WARNING - Buy signal for ADANIENT: False (Insufficient signal strength (score: 2, min: 3))
2025-05-22 13:42:13,552 - WARNING - Buy signal for ADANIPORTS: False (Insufficient signal strength (score: 2.5, min: 3))
2025-05-22 13:42:14,946 - WARNING - Buy signal for APOLLOHOSP: False (Insufficient signal strength (score: 2.5, min: 3))
2025-05-22 13:42:16,125 - WARNING - Buy signal for ASIANPAINT: False (Insufficient signal strength (score: 0.5, min: 3))
2025-05-22 13:42:17,462 - WARNING - Buy signal for AXISBANK: False (Insufficient signal strength (score: 2.5, min: 3))
2025-05-22 13:42:18,690 - WARNING - Buy signal for BAJAJ-AUTO: True (Multiple buy signals detected: Price above 20-day SMA, Price above 50-day SMA, MACD histogram increasing, Current day is positive)
2025-05-22 13:42:19,827 - WARNING - Buy signal for BAJFINANCE: True (Multiple buy signals detected: Price above 20-day SMA, Price above 50-day SMA, MACD histogram increasing, Current day is positive)
2025-05-22 13:42:21,088 - WARNING - Buy signal for BAJAJFINSV: False (Insufficient signal strength (score: 2.5, min: 3))
2025-05-22 13:42:22,294 - WARNING - Buy signal for BEL: True (Multiple buy signals detected: Price above 20-day SMA, Price above 50-day SMA, MACD histogram increasing, Current day is positive)
2025-05-22 13:42:22,295 - WARNING - Found opportunity: BEL at 383.40, R:R 0.79
2025-05-22 13:42:23,542 - WARNING - Buy signal for BHARTIARTL: False (Insufficient signal strength (score: 1.5, min: 3))
2025-05-22 13:42:25,388 - WARNING - Buy signal for CIPLA: False (Insufficient signal strength (score: 0.5, min: 3))
2025-05-22 13:42:27,582 - WARNING - Buy signal for COALINDIA: False (Insufficient signal strength (score: 2, min: 3))
2025-05-22 13:42:28,576 - WARNING - Buy signal for DRREDDY: False (Insufficient signal strength (score: 2, min: 3))
2025-05-22 13:42:30,260 - WARNING - Buy signal for EICHERMOT: False (Insufficient signal strength (score: 1, min: 3))
2025-05-22 13:42:31,355 - WARNING - Buy signal for ETERNAL: False (Insufficient signal strength (score: 1.5, min: 3))
2025-05-22 13:42:32,535 - WARNING - Buy signal for GRASIM: False (Insufficient signal strength (score: 1, min: 3))
2025-05-22 13:42:33,697 - WARNING - Buy signal for HCLTECH: False (Insufficient signal strength (score: 2.5, min: 3))
2025-05-22 13:42:34,860 - WARNING - Buy signal for HDFCBANK: False (Insufficient signal strength (score: 2, min: 3))
2025-05-22 13:42:36,386 - WARNING - Buy signal for HEROMOTOCO: False (Insufficient signal strength (score: 2.5, min: 3))
2025-05-22 13:42:37,545 - WARNING - Buy signal for HINDALCO: False (Insufficient signal strength (score: 2, min: 3))
2025-05-22 13:42:38,781 - WARNING - Buy signal for HINDUNILVR: False (Insufficient signal strength (score: 2.5, min: 3))
2025-05-22 13:42:39,981 - WARNING - Buy signal for ICICIBANK: False (Insufficient signal strength (score: 2.5, min: 3))
2025-05-22 13:42:41,021 - WARNING - Buy signal for ITC: False (Insufficient signal strength (score: 2, min: 3))
2025-05-22 13:42:42,900 - WARNING - Buy signal for INDUSINDBK: False (Insufficient signal strength (score: 1, min: 3))
2025-05-22 13:42:43,974 - WARNING - Buy signal for INFY: False (Insufficient signal strength (score: 2.5, min: 3))
2025-05-22 13:42:45,211 - WARNING - Buy signal for JSWSTEEL: False (Insufficient signal strength (score: 0, min: 3))
2025-05-22 13:42:46,273 - WARNING - Buy signal for JIOFIN: False (Insufficient signal strength (score: 2.5, min: 3))
